2024-12-07 05:34:18 - Detailed Light Data Request
Raw Input: Array
(
    [lux] => 42.5
)

Lux Value: 42.5
-----------------------------------
2024-12-07 05:34:20 - Detailed Light Data Request
Raw Input: Array
(
    [lux] => 42.5
)

Lux Value: 42.5
-----------------------------------
2024-12-07 05:34:22 - Detailed Light Data Request
Raw Input: Array
(
    [lux] => 41.66666
)

Lux Value: 41.66666
-----------------------------------
2024-12-07 05:34:24 - Detailed Light Data Request
Raw Input: Array
(
    [lux] => 42.5
)

Lux Value: 42.5
-----------------------------------
2024-12-07 05:34:27 - Detailed Light Data Request
Raw Input: Array
(
    [lux] => 42.5
)

Lux Value: 42.5
-----------------------------------
2024-12-07 05:34:28 - Detailed Light Data Request
Raw Input: Array
(
    [lux] => 42.5
)

Lux Value: 42.5
-----------------------------------
2024-12-07 05:34:30 - Detailed Light Data Request
Raw Input: Array
(
    [lux] => 41.66666
)

Lux Value: 41.66666
-----------------------------------
2024-12-07 05:34:32 - Detailed Light Data Request
Raw Input: Array
(
    [lux] => 42.5
)

Lux Value: 42.5
-----------------------------------
2024-12-07 05:34:34 - Detailed Light Data Request
Raw Input: Array
(
    [lux] => 41.66666
)

Lux Value: 41.66666
-----------------------------------
2024-12-07 05:34:36 - Detailed Light Data Request
Raw Input: Array
(
    [lux] => 42.5
)

Lux Value: 42.5
-----------------------------------
2024-12-07 05:34:39 - Detailed Light Data Request
Raw Input: Array
(
    [lux] => 43.33333
)

Lux Value: 43.33333
-----------------------------------
2024-12-07 05:34:40 - Detailed Light Data Request
Raw Input: Array
(
    [lux] => 42.5
)

Lux Value: 42.5
-----------------------------------
2024-12-07 05:34:42 - Detailed Light Data Request
Raw Input: Array
(
    [lux] => 42.5
)

Lux Value: 42.5
-----------------------------------
2024-12-07 05:34:44 - Detailed Light Data Request
Raw Input: Array
(
    [lux] => 42.5
)

Lux Value: 42.5
-----------------------------------
2024-12-07 05:34:47 - Detailed Light Data Request
Raw Input: Array
(
    [lux] => 42.5
)

Lux Value: 42.5
-----------------------------------
2024-12-07 05:34:48 - Detailed Light Data Request
Raw Input: Array
(
    [lux] => 42.5
)

Lux Value: 42.5
-----------------------------------
2024-12-07 05:34:50 - Detailed Light Data Request
Raw Input: Array
(
    [lux] => 42.5
)

Lux Value: 42.5
-----------------------------------
2024-12-07 05:34:52 - Detailed Light Data Request
Raw Input: Array
(
    [lux] => 42.5
)

Lux Value: 42.5
-----------------------------------
2024-12-07 05:34:55 - Detailed Light Data Request
Raw Input: Array
(
    [lux] => 42.5
)

Lux Value: 42.5
-----------------------------------
2024-12-07 05:34:57 - Detailed Light Data Request
Raw Input: Array
(
    [lux] => 42.5
)

Lux Value: 42.5
-----------------------------------
2024-12-07 05:34:59 - Detailed Light Data Request
Raw Input: Array
(
    [lux] => 43.33333
)

Lux Value: 43.33333
-----------------------------------
2024-12-07 05:35:01 - Detailed Light Data Request
Raw Input: Array
(
    [lux] => 43.33333
)

Lux Value: 43.33333
-----------------------------------
2024-12-07 05:35:03 - Detailed Light Data Request
Raw Input: Array
(
    [lux] => 43.33333
)

Lux Value: 43.33333
-----------------------------------
2024-12-07 05:35:05 - Detailed Light Data Request
Raw Input: Array
(
    [lux] => 43.33333
)

Lux Value: 43.33333
-----------------------------------
2024-12-07 05:35:07 - Detailed Light Data Request
Raw Input: Array
(
    [lux] => 42.5
)

Lux Value: 42.5
-----------------------------------
2024-12-07 05:35:09 - Detailed Light Data Request
Raw Input: Array
(
    [lux] => 43.33333
)

Lux Value: 43.33333
-----------------------------------
2024-12-07 05:35:11 - Detailed Light Data Request
Raw Input: Array
(
    [lux] => 43.33333
)

Lux Value: 43.33333
-----------------------------------
2024-12-07 05:35:13 - Detailed Light Data Request
Raw Input: Array
(
    [lux] => 42.5
)

Lux Value: 42.5
-----------------------------------
2024-12-07 05:35:15 - Detailed Light Data Request
Raw Input: Array
(
    [lux] => 42.5
)

Lux Value: 42.5
-----------------------------------
2024-12-07 05:35:17 - Detailed Light Data Request
Raw Input: Array
(
    [lux] => 42.5
)

Lux Value: 42.5
-----------------------------------
2024-12-07 05:35:19 - Detailed Light Data Request
Raw Input: Array
(
    [lux] => 43.33333
)

Lux Value: 43.33333
-----------------------------------
2024-12-07 05:35:21 - Detailed Light Data Request
Raw Input: Array
(
    [lux] => 43.33333
)

Lux Value: 43.33333
-----------------------------------
2024-12-07 05:35:23 - Detailed Light Data Request
Raw Input: Array
(
    [lux] => 43.33333
)

Lux Value: 43.33333
-----------------------------------
2024-12-07 05:35:25 - Detailed Light Data Request
Raw Input: Array
(
    [lux] => 43.33333
)

Lux Value: 43.33333
-----------------------------------
2024-12-07 05:35:27 - Detailed Light Data Request
Raw Input: Array
(
    [lux] => 43.33333
)

Lux Value: 43.33333
-----------------------------------
2024-12-07 05:35:29 - Detailed Light Data Request
Raw Input: Array
(
    [lux] => 43.33333
)

Lux Value: 43.33333
-----------------------------------
2024-12-07 05:35:31 - Detailed Light Data Request
Raw Input: Array
(
    [lux] => 43.33333
)

Lux Value: 43.33333
-----------------------------------
2024-12-07 05:35:33 - Detailed Light Data Request
Raw Input: Array
(
    [lux] => 43.33333
)

Lux Value: 43.33333
-----------------------------------
2024-12-07 05:35:35 - Detailed Light Data Request
Raw Input: Array
(
    [lux] => 43.33333
)

Lux Value: 43.33333
-----------------------------------
2024-12-07 05:35:37 - Detailed Light Data Request
Raw Input: Array
(
    [lux] => 43.33333
)

Lux Value: 43.33333
-----------------------------------
2024-12-07 05:35:39 - Detailed Light Data Request
Raw Input: Array
(
    [lux] => 43.33333
)

Lux Value: 43.33333
-----------------------------------
2024-12-07 05:35:41 - Detailed Light Data Request
Raw Input: Array
(
    [lux] => 43.33333
)

Lux Value: 43.33333
-----------------------------------
2024-12-07 05:35:43 - Detailed Light Data Request
Raw Input: Array
(
    [lux] => 43.33333
)

Lux Value: 43.33333
-----------------------------------
2024-12-07 05:35:45 - Detailed Light Data Request
Raw Input: Array
(
    [lux] => 43.33333
)

Lux Value: 43.33333
-----------------------------------
2024-12-07 05:35:47 - Detailed Light Data Request
Raw Input: Array
(
    [lux] => 43.33333
)

Lux Value: 43.33333
-----------------------------------
2024-12-07 05:35:49 - Detailed Light Data Request
Raw Input: Array
(
    [lux] => 43.33333
)

Lux Value: 43.33333
-----------------------------------
2024-12-07 05:35:51 - Detailed Light Data Request
Raw Input: Array
(
    [lux] => 43.33333
)

Lux Value: 43.33333
-----------------------------------
2024-12-07 05:35:53 - Detailed Light Data Request
Raw Input: Array
(
    [lux] => 43.33333
)

Lux Value: 43.33333
-----------------------------------
2024-12-07 05:35:55 - Detailed Light Data Request
Raw Input: Array
(
    [lux] => 43.33333
)

Lux Value: 43.33333
-----------------------------------
2024-12-07 05:35:57 - Detailed Light Data Request
Raw Input: Array
(
    [lux] => 43.33333
)

Lux Value: 43.33333
-----------------------------------
2024-12-07 05:35:59 - Detailed Light Data Request
Raw Input: Array
(
    [lux] => 43.33333
)

Lux Value: 43.33333
-----------------------------------
2024-12-07 05:36:01 - Detailed Light Data Request
Raw Input: Array
(
    [lux] => 43.33333
)

Lux Value: 43.33333
-----------------------------------
2024-12-07 05:36:03 - Detailed Light Data Request
Raw Input: Array
(
    [lux] => 43.33333
)

Lux Value: 43.33333
-----------------------------------
2024-12-07 05:36:05 - Detailed Light Data Request
Raw Input: Array
(
    [lux] => 43.33333
)

Lux Value: 43.33333
-----------------------------------
2024-12-07 05:36:07 - Detailed Light Data Request
Raw Input: Array
(
    [lux] => 43.33333
)

Lux Value: 43.33333
-----------------------------------
2024-12-07 05:36:09 - Detailed Light Data Request
Raw Input: Array
(
    [lux] => 43.33333
)

Lux Value: 43.33333
-----------------------------------
2024-12-07 05:36:11 - Detailed Light Data Request
Raw Input: Array
(
    [lux] => 43.33333
)

Lux Value: 43.33333
-----------------------------------
2024-12-07 05:36:13 - Detailed Light Data Request
Raw Input: Array
(
    [lux] => 43.33333
)

Lux Value: 43.33333
-----------------------------------
2024-12-07 05:36:15 - Detailed Light Data Request
Raw Input: Array
(
    [lux] => 43.33333
)

Lux Value: 43.33333
-----------------------------------
2024-12-07 05:36:17 - Detailed Light Data Request
Raw Input: Array
(
    [lux] => 43.33333
)

Lux Value: 43.33333
-----------------------------------
2024-12-07 05:36:19 - Detailed Light Data Request
Raw Input: Array
(
    [lux] => 43.33333
)

Lux Value: 43.33333
-----------------------------------
2024-12-07 05:36:21 - Detailed Light Data Request
Raw Input: Array
(
    [lux] => 43.33333
)

Lux Value: 43.33333
-----------------------------------
2024-12-07 05:36:23 - Detailed Light Data Request
Raw Input: Array
(
    [lux] => 42.5
)

Lux Value: 42.5
-----------------------------------
2024-12-07 05:36:25 - Detailed Light Data Request
Raw Input: Array
(
    [lux] => 43.33333
)

Lux Value: 43.33333
-----------------------------------
2024-12-07 05:36:27 - Detailed Light Data Request
Raw Input: Array
(
    [lux] => 43.33333
)

Lux Value: 43.33333
-----------------------------------
2024-12-07 05:36:29 - Detailed Light Data Request
Raw Input: Array
(
    [lux] => 43.33333
)

Lux Value: 43.33333
-----------------------------------
2024-12-07 05:36:33 - Detailed Light Data Request
Raw Input: Array
(
    [lux] => 44.16666
)

Lux Value: 44.16666
-----------------------------------
2024-12-07 05:36:35 - Detailed Light Data Request
Raw Input: Array
(
    [lux] => 43.33333
)

Lux Value: 43.33333
-----------------------------------
2024-12-07 05:36:38 - Detailed Light Data Request
Raw Input: Array
(
    [lux] => 44.16666
)

Lux Value: 44.16666
-----------------------------------
2024-12-07 05:36:40 - Detailed Light Data Request
Raw Input: Array
(
    [lux] => 44.16666
)

Lux Value: 44.16666
-----------------------------------
2024-12-07 05:36:48 - Detailed Light Data Request
Raw Input: Array
(
    [lux] => 43.33333
)

Lux Value: 43.33333
-----------------------------------
2024-12-07 05:36:51 - Detailed Light Data Request
Raw Input: Array
(
    [lux] => 43.33333
)

Lux Value: 43.33333
-----------------------------------
2024-12-07 05:36:52 - Detailed Light Data Request
Raw Input: Array
(
    [lux] => 43.33333
)

Lux Value: 43.33333
-----------------------------------
2024-12-07 05:36:54 - Detailed Light Data Request
Raw Input: Array
(
    [lux] => 43.33333
)

Lux Value: 43.33333
-----------------------------------
2024-12-07 05:36:56 - Detailed Light Data Request
Raw Input: Array
(
    [lux] => 43.33333
)

Lux Value: 43.33333
-----------------------------------
2024-12-07 05:36:58 - Detailed Light Data Request
Raw Input: Array
(
    [lux] => 43.33333
)

Lux Value: 43.33333
-----------------------------------
2024-12-07 05:37:00 - Detailed Light Data Request
Raw Input: Array
(
    [lux] => 43.33333
)

Lux Value: 43.33333
-----------------------------------
2024-12-07 05:37:02 - Detailed Light Data Request
Raw Input: Array
(
    [lux] => 43.33333
)

Lux Value: 43.33333
-----------------------------------
2024-12-07 05:37:04 - Detailed Light Data Request
Raw Input: Array
(
    [lux] => 43.33333
)

Lux Value: 43.33333
-----------------------------------
2024-12-07 05:37:06 - Detailed Light Data Request
Raw Input: Array
(
    [lux] => 43.33333
)

Lux Value: 43.33333
-----------------------------------
2024-12-07 05:37:08 - Detailed Light Data Request
Raw Input: Array
(
    [lux] => 44.16666
)

Lux Value: 44.16666
-----------------------------------
2024-12-07 05:37:10 - Detailed Light Data Request
Raw Input: Array
(
    [lux] => 43.33333
)

Lux Value: 43.33333
-----------------------------------
2024-12-07 05:37:12 - Detailed Light Data Request
Raw Input: Array
(
    [lux] => 43.33333
)

Lux Value: 43.33333
-----------------------------------
2024-12-07 05:37:14 - Detailed Light Data Request
Raw Input: Array
(
    [lux] => 43.33333
)

Lux Value: 43.33333
-----------------------------------
2024-12-07 05:37:16 - Detailed Light Data Request
Raw Input: Array
(
    [lux] => 43.33333
)

Lux Value: 43.33333
-----------------------------------
2024-12-07 05:37:18 - Detailed Light Data Request
Raw Input: Array
(
    [lux] => 43.33333
)

Lux Value: 43.33333
-----------------------------------
2024-12-07 05:37:20 - Detailed Light Data Request
Raw Input: Array
(
    [lux] => 43.33333
)

Lux Value: 43.33333
-----------------------------------
2024-12-07 05:37:22 - Detailed Light Data Request
Raw Input: Array
(
    [lux] => 43.33333
)

Lux Value: 43.33333
-----------------------------------
2024-12-07 05:37:24 - Detailed Light Data Request
Raw Input: Array
(
    [lux] => 43.33333
)

Lux Value: 43.33333
-----------------------------------
2024-12-07 05:37:26 - Detailed Light Data Request
Raw Input: Array
(
    [lux] => 43.33333
)

Lux Value: 43.33333
-----------------------------------
2024-12-07 05:37:28 - Detailed Light Data Request
Raw Input: Array
(
    [lux] => 43.33333
)

Lux Value: 43.33333
-----------------------------------
2024-12-07 05:37:30 - Detailed Light Data Request
Raw Input: Array
(
    [lux] => 43.33333
)

Lux Value: 43.33333
-----------------------------------
2024-12-07 05:37:32 - Detailed Light Data Request
Raw Input: Array
(
    [lux] => 43.33333
)

Lux Value: 43.33333
-----------------------------------
2024-12-07 05:37:34 - Detailed Light Data Request
Raw Input: Array
(
    [lux] => 43.33333
)

Lux Value: 43.33333
-----------------------------------
2024-12-07 05:37:36 - Detailed Light Data Request
Raw Input: Array
(
    [lux] => 43.33333
)

Lux Value: 43.33333
-----------------------------------
2024-12-07 05:37:38 - Detailed Light Data Request
Raw Input: Array
(
    [lux] => 43.33333
)

Lux Value: 43.33333
-----------------------------------
2024-12-07 05:37:40 - Detailed Light Data Request
Raw Input: Array
(
    [lux] => 43.33333
)

Lux Value: 43.33333
-----------------------------------
2024-12-07 05:37:42 - Detailed Light Data Request
Raw Input: Array
(
    [lux] => 43.33333
)

Lux Value: 43.33333
-----------------------------------
2024-12-07 05:37:44 - Detailed Light Data Request
Raw Input: Array
(
    [lux] => 42.5
)

Lux Value: 42.5
-----------------------------------
2024-12-07 05:37:47 - Detailed Light Data Request
Raw Input: Array
(
    [lux] => 43.33333
)

Lux Value: 43.33333
-----------------------------------
2024-12-07 05:37:48 - Detailed Light Data Request
Raw Input: Array
(
    [lux] => 43.33333
)

Lux Value: 43.33333
-----------------------------------
2024-12-07 05:37:50 - Detailed Light Data Request
Raw Input: Array
(
    [lux] => 43.33333
)

Lux Value: 43.33333
-----------------------------------
2024-12-07 05:37:52 - Detailed Light Data Request
Raw Input: Array
(
    [lux] => 43.33333
)

Lux Value: 43.33333
-----------------------------------
2024-12-07 05:37:55 - Detailed Light Data Request
Raw Input: Array
(
    [lux] => 43.33333
)

Lux Value: 43.33333
-----------------------------------
2024-12-07 05:37:58 - Detailed Light Data Request
Raw Input: Array
(
    [lux] => 44.16666
)

Lux Value: 44.16666
-----------------------------------
2024-12-07 05:38:01 - Detailed Light Data Request
Raw Input: Array
(
    [lux] => 44.16666
)

Lux Value: 44.16666
-----------------------------------
2024-12-07 05:38:03 - Detailed Light Data Request
Raw Input: Array
(
    [lux] => 44.16666
)

Lux Value: 44.16666
-----------------------------------
2024-12-07 05:38:20 - Detailed Light Data Request
Raw Input: Array
(
    [lux] => 40
)

Lux Value: 40
-----------------------------------
2024-12-07 05:38:31 - Detailed Light Data Request
Raw Input: Array
(
    [lux] => 40
)

Lux Value: 40
-----------------------------------
2024-12-07 05:38:34 - Detailed Light Data Request
Raw Input: Array
(
    [lux] => 40
)

Lux Value: 40
-----------------------------------
2024-12-07 05:38:35 - Detailed Light Data Request
Raw Input: Array
(
    [lux] => 42.5
)

Lux Value: 42.5
-----------------------------------
2024-12-07 05:38:38 - Detailed Light Data Request
Raw Input: Array
(
    [lux] => 40
)

Lux Value: 40
-----------------------------------
2024-12-07 05:39:45 - Detailed Light Data Request
Raw Input: Array
(
    [lux] => 44.16666
)

Lux Value: 44.16666
-----------------------------------
2024-12-07 05:39:47 - Detailed Light Data Request
Raw Input: Array
(
    [lux] => 44.16666
)

Lux Value: 44.16666
-----------------------------------
2024-12-07 05:39:49 - Detailed Light Data Request
Raw Input: Array
(
    [lux] => 44.16666
)

Lux Value: 44.16666
-----------------------------------
2024-12-07 05:39:51 - Detailed Light Data Request
Raw Input: Array
(
    [lux] => 45
)

Lux Value: 45
-----------------------------------
2024-12-07 05:39:53 - Detailed Light Data Request
Raw Input: Array
(
    [lux] => 44.16666
)

Lux Value: 44.16666
-----------------------------------
2024-12-07 05:39:55 - Detailed Light Data Request
Raw Input: Array
(
    [lux] => 44.16666
)

Lux Value: 44.16666
-----------------------------------
2024-12-07 05:39:57 - Detailed Light Data Request
Raw Input: Array
(
    [lux] => 44.16666
)

Lux Value: 44.16666
-----------------------------------
2024-12-07 05:39:59 - Detailed Light Data Request
Raw Input: Array
(
    [lux] => 44.16666
)

Lux Value: 44.16666
-----------------------------------
2024-12-07 05:40:01 - Detailed Light Data Request
Raw Input: Array
(
    [lux] => 45
)

Lux Value: 45
-----------------------------------
2024-12-07 05:40:03 - Detailed Light Data Request
Raw Input: Array
(
    [lux] => 45
)

Lux Value: 45
-----------------------------------
2024-12-07 05:40:05 - Detailed Light Data Request
Raw Input: Array
(
    [lux] => 45
)

Lux Value: 45
-----------------------------------
2024-12-07 05:40:07 - Detailed Light Data Request
Raw Input: Array
(
    [lux] => 45
)

Lux Value: 45
-----------------------------------
2024-12-07 05:40:09 - Detailed Light Data Request
Raw Input: Array
(
    [lux] => 45
)

Lux Value: 45
-----------------------------------
2024-12-07 05:40:11 - Detailed Light Data Request
Raw Input: Array
(
    [lux] => 45
)

Lux Value: 45
-----------------------------------
2024-12-07 05:40:13 - Detailed Light Data Request
Raw Input: Array
(
    [lux] => 45
)

Lux Value: 45
-----------------------------------
