[2024-12-06 04:09:24] Received request - Lat: 26.2438912, Lon: 78.2041088
[2024-12-06 04:09:24] Requesting weather data from API
[2024-12-06 04:09:25] API Response Code: 401
[2024-12-06 04:09:25] Raw API Response: {"cod":401, "message": "Invalid API key. Please see https://openweathermap.org/faq#error401 for more info."}
[2024-12-06 04:09:25] Error: Invalid API key. Please see https://openweathermap.org/faq#error401 for more info.
[2024-12-06 04:09:27] Received request - Lat: 26.2438912, Lon: 78.2041088
[2024-12-06 04:09:27] Requesting weather data from API
[2024-12-06 04:09:27] API Response Code: 401
[2024-12-06 04:09:27] Raw API Response: {"cod":401, "message": "Invalid API key. Please see https://openweathermap.org/faq#error401 for more info."}
[2024-12-06 04:09:27] Error: Invalid API key. Please see https://openweathermap.org/faq#error401 for more info.
[2024-12-06 04:09:28] Received request - Lat: 26.2438912, Lon: 78.2041088
[2024-12-06 04:09:28] Requesting weather data from API
[2024-12-06 04:09:29] API Response Code: 401
[2024-12-06 04:09:29] Raw API Response: {"cod":401, "message": "Invalid API key. Please see https://openweathermap.org/faq#error401 for more info."}
[2024-12-06 04:09:29] Error: Invalid API key. Please see https://openweathermap.org/faq#error401 for more info.
[2024-12-06 04:09:29] Received request - Lat: 26.2438912, Lon: 78.2041088
[2024-12-06 04:09:29] Requesting weather data from API
[2024-12-06 04:09:29] API Response Code: 401
[2024-12-06 04:09:29] Raw API Response: {"cod":401, "message": "Invalid API key. Please see https://openweathermap.org/faq#error401 for more info."}
[2024-12-06 04:09:29] Error: Invalid API key. Please see https://openweathermap.org/faq#error401 for more info.
[2024-12-06 04:09:29] Received request - Lat: 26.2438912, Lon: 78.2041088
[2024-12-06 04:09:29] Requesting weather data from API
[2024-12-06 04:09:30] API Response Code: 401
[2024-12-06 04:09:30] Raw API Response: {"cod":401, "message": "Invalid API key. Please see https://openweathermap.org/faq#error401 for more info."}
[2024-12-06 04:09:30] Error: Invalid API key. Please see https://openweathermap.org/faq#error401 for more info.
[2024-12-06 04:09:30] Received request - Lat: 26.2438912, Lon: 78.2041088
[2024-12-06 04:09:30] Requesting weather data from API
[2024-12-06 04:09:30] API Response Code: 401
[2024-12-06 04:09:30] Raw API Response: {"cod":401, "message": "Invalid API key. Please see https://openweathermap.org/faq#error401 for more info."}
[2024-12-06 04:09:30] Error: Invalid API key. Please see https://openweathermap.org/faq#error401 for more info.
[2024-12-06 04:09:36] Received request - Lat: 26.2438912, Lon: 78.2041088
[2024-12-06 04:09:36] Requesting weather data from API
[2024-12-06 04:09:36] API Response Code: 401
[2024-12-06 04:09:36] Raw API Response: {"cod":401, "message": "Invalid API key. Please see https://openweathermap.org/faq#error401 for more info."}
[2024-12-06 04:09:36] Error: Invalid API key. Please see https://openweathermap.org/faq#error401 for more info.
[2024-12-06 04:09:36] Received request - Lat: 26.2438912, Lon: 78.2041088
[2024-12-06 04:09:36] Requesting weather data from API
[2024-12-06 04:09:37] API Response Code: 401
[2024-12-06 04:09:37] Raw API Response: {"cod":401, "message": "Invalid API key. Please see https://openweathermap.org/faq#error401 for more info."}
[2024-12-06 04:09:37] Error: Invalid API key. Please see https://openweathermap.org/faq#error401 for more info.
[2024-12-06 04:09:37] Received request - Lat: 26.2438912, Lon: 78.2041088
[2024-12-06 04:09:37] Requesting weather data from API
[2024-12-06 04:09:38] API Response Code: 401
[2024-12-06 04:09:38] Raw API Response: {"cod":401, "message": "Invalid API key. Please see https://openweathermap.org/faq#error401 for more info."}
[2024-12-06 04:09:38] Error: Invalid API key. Please see https://openweathermap.org/faq#error401 for more info.
[2024-12-06 04:09:38] Received request - Lat: 26.2438912, Lon: 78.2041088
[2024-12-06 04:09:38] Requesting weather data from API
[2024-12-06 04:09:38] API Response Code: 401
[2024-12-06 04:09:38] Raw API Response: {"cod":401, "message": "Invalid API key. Please see https://openweathermap.org/faq#error401 for more info."}
[2024-12-06 04:09:38] Error: Invalid API key. Please see https://openweathermap.org/faq#error401 for more info.
[2024-12-06 04:13:14] Received request - Lat: 26.2438912, Lon: 78.2041088
[2024-12-06 04:13:14] Requesting weather data from Open-Meteo API
[2024-12-06 04:13:15] API Response Code: 200
[2024-12-06 04:13:15] Raw API Response: {"latitude":26.25,"longitude":78.25,"generationtime_ms":0.028967857360839844,"utc_offset_seconds":0,"timezone":"GMT","timezone_abbreviation":"GMT","elevation":202.0,"current_units":{"time":"iso8601","interval":"seconds","temperature_2m":"°C","relative_humidity_2m":"%","wind_speed_10m":"km/h","weather_code":"wmo code"},"current":{"time":"2024-12-06T03:00","interval":900,"temperature_2m":14.2,"relative_humidity_2m":73,"wind_speed_10m":4.2,"weather_code":3}}
[2024-12-06 04:13:15] Successfully retrieved weather data
[2024-12-06 04:18:18] Received request - Lat: 26.2438912, Lon: 78.2041088
[2024-12-06 04:18:20] Successfully retrieved weather data for Unknown Location
